Target Part: A2F200M3F_FBGA484_-1
Report for cell N64.verilog
  Core Cell usage:
              cell count     area count*area
              AND2    10      1.0       10.0
              AND3    38      1.0       38.0
               AO1    25      1.0       25.0
              AO13    22      1.0       22.0
              AO16     3      1.0        3.0
              AO18    31      1.0       31.0
              AO1A    20      1.0       20.0
              AO1B     2      1.0        2.0
              AO1C     3      1.0        3.0
              AO1D     1      1.0        1.0
              AOI1     3      1.0        3.0
               AX1     7      1.0        7.0
              AX1A     5      1.0        5.0
              AX1B    17      1.0       17.0
              AX1C     8      1.0        8.0
              AX1D    12      1.0       12.0
              AX1E     8      1.0        8.0
              AXO2     1      1.0        1.0
              BUFF     2      1.0        2.0
            CLKINT     1      0.0        0.0
               GND     7      0.0        0.0
               INV     2      1.0        2.0
              MAJ3    40      1.0       40.0
              MIN3     2      1.0        2.0
           MSS_APB     1      0.0        0.0
           MSS_CCC     1      0.0        0.0
               MX2    96      1.0       96.0
              NOR2    41      1.0       41.0
             NOR2A   103      1.0      103.0
             NOR2B    85      1.0       85.0
              NOR3     9      1.0        9.0
             NOR3A    20      1.0       20.0
             NOR3B    15      1.0       15.0
             NOR3C    24      1.0       24.0
               OA1    76      1.0       76.0
              OA1A    23      1.0       23.0
              OA1B    12      1.0       12.0
              OA1C     5      1.0        5.0
               OR2    98      1.0       98.0
              OR2A    58      1.0       58.0
              OR2B    10      1.0       10.0
               OR3    33      1.0       33.0
              OR3A    19      1.0       19.0
              OR3B    15      1.0       15.0
              OR3C     5      1.0        5.0
             RCOSC     1      0.0        0.0
               VCC     7      0.0        0.0
               XA1     6      1.0        6.0
              XA1A    52      1.0       52.0
              XA1B     2      1.0        2.0
             XAI1A     1      1.0        1.0
             XNOR2   108      1.0      108.0
             XNOR3    45      1.0       45.0
               XO1     2      1.0        2.0
              XOR2   168      1.0      168.0
              XOR3    50      1.0       50.0


              DFN1   104      1.0      104.0
            DFN1E0    12      1.0       12.0
            DFN1E1   128      1.0      128.0
                   -----          ----------
             TOTAL  1705              1687.0


  IO Cell usage:
              cell count
             INBUF     2
         INBUF_MSS     3
            OUTBUF     2
        OUTBUF_MSS     2
                   -----
             TOTAL     9


Core Cells         : 1687 of 4608 (37%)
IO Cells           : 9

  RAM/ROM Usage Summary
Block Rams : 0 of 8 (0%)

