Archive member included because of file (symbol)

F:\N64\SoftConsole\N64_MSS_MSS_CM3_0\N64_MSS_MSS_CM3_0_hw_platform\Debug\libN64_MSS_MSS_CM3_0_hw_platform.a(mss_uart.o)
                              ./main.o (MSS_UART_polled_tx)
F:\N64\SoftConsole\N64_MSS_MSS_CM3_0\N64_MSS_MSS_CM3_0_hw_platform\Debug\libN64_MSS_MSS_CM3_0_hw_platform.a(system_a2fxxxm3.o)
                              F:/N64/SoftConsole/N64_MSS_MSS_CM3_0/N64_MSS_MSS_CM3_0_hw_platform/Debug/CMSIS/startup_gcc/startup_a2fxxxm3.o (SystemInit)
c:/microsemi/libero_v11.4/softconsole/sourcery-g++/bin/../lib/gcc/arm-none-eabi/4.4.1/thumb2\libgcc.a(_arm_addsubdf3.o)
                              ./main.o (__aeabi_f2d)
c:/microsemi/libero_v11.4/softconsole/sourcery-g++/bin/../lib/gcc/arm-none-eabi/4.4.1/thumb2\libgcc.a(_arm_cmpdf2.o)
                              ./main.o (__aeabi_dcmplt)
c:/microsemi/libero_v11.4/softconsole/sourcery-g++/bin/../lib/gcc/arm-none-eabi/4.4.1/thumb2\libgcc.a(_arm_addsubsf3.o)
                              ./main.o (__aeabi_fsub)
c:/microsemi/libero_v11.4/softconsole/sourcery-g++/bin/../lib/gcc/arm-none-eabi/4.4.1/thumb2\libgcc.a(_arm_muldivsf3.o)
                              ./main.o (__aeabi_fmul)
c:/microsemi/libero_v11.4/softconsole/sourcery-g++/bin/../lib/gcc/arm-none-eabi/4.4.1/thumb2\libgcc.a(_arm_cmpsf2.o)
                              ./main.o (__aeabi_fcmplt)
c:/microsemi/libero_v11.4/softconsole/sourcery-g++/bin/../lib/gcc/arm-none-eabi/4.4.1/thumb2\libgcc.a(_arm_fixunssfsi.o)
                              ./main.o (__aeabi_f2uiz)
c:/microsemi/libero_v11.4/softconsole/sourcery-g++/bin/../lib/gcc/arm-none-eabi/4.4.1/../../../../arm-none-eabi/lib/thumb2\libc.a(lib_a-errno.o)
                              F:/N64/SoftConsole/N64_MSS_MSS_CM3_0/N64_MSS_MSS_CM3_0_hw_platform/Debug/CMSIS/startup_gcc/newlib_stubs.o (__errno)
c:/microsemi/libero_v11.4/softconsole/sourcery-g++/bin/../lib/gcc/arm-none-eabi/4.4.1/../../../../arm-none-eabi/lib/thumb2\libc.a(lib_a-impure.o)
                              c:/microsemi/libero_v11.4/softconsole/sourcery-g++/bin/../lib/gcc/arm-none-eabi/4.4.1/../../../../arm-none-eabi/lib/thumb2\libc.a(lib_a-errno.o) (_impure_ptr)
c:/microsemi/libero_v11.4/softconsole/sourcery-g++/bin/../lib/gcc/arm-none-eabi/4.4.1/../../../../arm-none-eabi/lib/thumb2\libc.a(lib_a-init.o)
                              F:/N64/SoftConsole/N64_MSS_MSS_CM3_0/N64_MSS_MSS_CM3_0_hw_platform/Debug/CMSIS/startup_gcc/startup_a2fxxxm3.o (__libc_init_array)
c:/microsemi/libero_v11.4/softconsole/sourcery-g++/bin/../lib/gcc/arm-none-eabi/4.4.1/../../../../arm-none-eabi/lib/thumb2\libc.a(lib_a-printf.o)
                              ./main.o (printf)
c:/microsemi/libero_v11.4/softconsole/sourcery-g++/bin/../lib/gcc/arm-none-eabi/4.4.1/../../../../arm-none-eabi/lib/thumb2\libc.a(lib_a-puts.o)
                              ./main.o (puts)
c:/microsemi/libero_v11.4/softconsole/sourcery-g++/bin/../lib/gcc/arm-none-eabi/4.4.1/../../../../arm-none-eabi/lib/thumb2\libc.a(lib_a-strlen.o)
                              c:/microsemi/libero_v11.4/softconsole/sourcery-g++/bin/../lib/gcc/arm-none-eabi/4.4.1/../../../../arm-none-eabi/lib/thumb2\libc.a(lib_a-puts.o) (strlen)
c:/microsemi/libero_v11.4/softconsole/sourcery-g++/bin/../lib/gcc/arm-none-eabi/4.4.1/../../../../arm-none-eabi/lib/thumb2\libc.a(lib_a-vfprintf.o)
                              c:/microsemi/libero_v11.4/softconsole/sourcery-g++/bin/../lib/gcc/arm-none-eabi/4.4.1/../../../../arm-none-eabi/lib/thumb2\libc.a(lib_a-printf.o) (_vfprintf_r)
c:/microsemi/libero_v11.4/softconsole/sourcery-g++/bin/../lib/gcc/arm-none-eabi/4.4.1/../../../../arm-none-eabi/lib/thumb2\libc.a(lib_a-wsetup.o)
                              c:/microsemi/libero_v11.4/softconsole/sourcery-g++/bin/../lib/gcc/arm-none-eabi/4.4.1/../../../../arm-none-eabi/lib/thumb2\libc.a(lib_a-vfprintf.o) (__swsetup_r)
c:/microsemi/libero_v11.4/softconsole/sourcery-g++/bin/../lib/gcc/arm-none-eabi/4.4.1/../../../../arm-none-eabi/lib/thumb2\libc.a(lib_a-dtoa.o)
                              c:/microsemi/libero_v11.4/softconsole/sourcery-g++/bin/../lib/gcc/arm-none-eabi/4.4.1/../../../../arm-none-eabi/lib/thumb2\libc.a(lib_a-vfprintf.o) (_dtoa_r)
c:/microsemi/libero_v11.4/softconsole/sourcery-g++/bin/../lib/gcc/arm-none-eabi/4.4.1/../../../../arm-none-eabi/lib/thumb2\libc.a(lib_a-fflush.o)
                              c:/microsemi/libero_v11.4/softconsole/sourcery-g++/bin/../lib/gcc/arm-none-eabi/4.4.1/../../../../arm-none-eabi/lib/thumb2\libc.a(lib_a-vfprintf.o) (_fflush_r)
c:/microsemi/libero_v11.4/softconsole/sourcery-g++/bin/../lib/gcc/arm-none-eabi/4.4.1/../../../../arm-none-eabi/lib/thumb2\libc.a(lib_a-findfp.o)
                              c:/microsemi/libero_v11.4/softconsole/sourcery-g++/bin/../lib/gcc/arm-none-eabi/4.4.1/../../../../arm-none-eabi/lib/thumb2\libc.a(lib_a-printf.o) (__sinit)
[...]
Memory Configuration

Name             Origin             Length             Attributes
rom              0x60000000         0x00040000         xr
romMirror        0x00000000         0x00040000         xr
ram              0x20000000         0x00010000         xrw
*default*        0x00000000         0xffffffff

Linker script and memory map

LOAD c:/microsemi/libero_v11.4/softconsole/sourcery-g++/bin/../lib/gcc/arm-none-eabi/4.4.1/thumb2/crti.o
LOAD c:/microsemi/libero_v11.4/softconsole/sourcery-g++/bin/../lib/gcc/arm-none-eabi/4.4.1/thumb2/crtbegin.o
LOAD ./main.o
LOAD F:/N64/SoftConsole/N64_MSS_MSS_CM3_0/N64_MSS_MSS_CM3_0_hw_platform/Debug/CMSIS/startup_gcc/startup_a2fxxxm3.o
LOAD F:/N64/SoftConsole/N64_MSS_MSS_CM3_0/N64_MSS_MSS_CM3_0_hw_platform/Debug/CMSIS/startup_gcc/newlib_stubs.o
LOAD F:\N64\SoftConsole\N64_MSS_MSS_CM3_0\N64_MSS_MSS_CM3_0_hw_platform\Debug\libN64_MSS_MSS_CM3_0_hw_platform.a
START GROUP
LOAD c:/microsemi/libero_v11.4/softconsole/sourcery-g++/bin/../lib/gcc/arm-none-eabi/4.4.1/thumb2\libgcc.a
LOAD c:/microsemi/libero_v11.4/softconsole/sourcery-g++/bin/../lib/gcc/arm-none-eabi/4.4.1/../../../../arm-none-eabi/lib/thumb2\libc.a
END GROUP
LOAD c:/microsemi/libero_v11.4/softconsole/sourcery-g++/bin/../lib/gcc/arm-none-eabi/4.4.1/thumb2/crtend.o
LOAD c:/microsemi/libero_v11.4/softconsole/sourcery-g++/bin/../lib/gcc/arm-none-eabi/4.4.1/thumb2/crtn.o
START GROUP
LOAD c:/microsemi/libero_v11.4/softconsole/sourcery-g++/bin/../lib/gcc/arm-none-eabi/4.4.1/../../../../arm-none-eabi/lib/thumb2\libc.a
LOAD c:/microsemi/libero_v11.4/softconsole/sourcery-g++/bin/../lib/gcc/arm-none-eabi/4.4.1/thumb2\libgcc.a
LOAD c:/microsemi/libero_v11.4/softconsole/sourcery-g++/bin/../lib/gcc/arm-none-eabi/4.4.1/../../../../arm-none-eabi/lib/thumb2\libm.a
END GROUP
                0x00000000                __DYNAMIC = 0x0
                0x20000000                RAM_START_ADDRESS = 0x20000000
                0x00010000                RAM_SIZE = 0x10000
                0x00002000                MAIN_STACK_SIZE = 0x2000
                0x00001000                PROCESS_STACK_SIZE = 0x1000
                0x20010000                PROVIDE (__main_stack_start, (RAM_START_ADDRESS + RAM_SIZE))
                0x2000e000                PROVIDE (__process_stack_start, (__main_stack_start - MAIN_STACK_SIZE))
                0x20010000                PROVIDE (_estack, __main_stack_start)
                0x00000001                PROVIDE (__mirrored_nvm, 0x1)

.init           0x00000000      0x470 load address 0x60000000
 *(.isr_vector)
 .isr_vector    0x00000000      0x470 F:/N64/SoftConsole/N64_MSS_MSS_CM3_0/N64_MSS_MSS_CM3_0_hw_platform/Debug/CMSIS/startup_gcc/startup_a2fxxxm3.o
                0x00000000                g_pfnVectors
                0x00000298                Reset_Handler
                0x00000308                NMI_Handler
                0x0000030a                HardFault_Handler
                0x0000030c                MemManage_Handler
                0x0000030e                BusFault_Handler
                0x00000310                UsageFault_Handler
                0x00000312                SVC_Handler
                0x00000314                DebugMon_Handler
                0x00000316                PendSV_Handler
                0x00000318                SysTick_Handler
                0x0000031a                WdogWakeup_IRQHandler
                0x0000031c                BrownOut_1_5V_IRQHandler
                0x0000031e                BrownOut_3_3V_IRQHandler
                0x00000320                RTC_Match_IRQHandler
                0x00000322                RTCIF_Pub_IRQHandler
                0x00000324                EthernetMAC_IRQHandler
                0x00000326                IAP_IRQHandler
                0x00000328                ENVM0_IRQHandler
                0x0000032a                ENVM1_IRQHandler
                0x0000032c                DMA_IRQHandler
                0x00000332                SPI0_IRQHandler
                0x00000334                SPI1_IRQHandler
                0x00000336                I2C0_IRQHandler
                0x00000338                I2C0_SMBAlert_IRQHandler
                0x0000033a                I2C0_SMBus_IRQHandler
                0x0000033c                I2C1_IRQHandler
                0x0000033e                I2C1_SMBAlert_IRQHandler
                0x00000340                I2C1_SMBus_IRQHandler
                0x00000342                Timer1_IRQHandler
                0x00000344                Timer2_IRQHandler
                0x00000346                PLL_Lock_IRQHandler
                0x00000348                PLL_LockLost_IRQHandler
                0x0000034a                CommError_IRQHandler
                0x0000034c                Fabric_IRQHandler
                0x0000034e                GPIO0_IRQHandler
                0x00000350                GPIO1_IRQHandler
                0x00000352                GPIO2_IRQHandler
                0x00000354                GPIO3_IRQHandler
                0x00000356                GPIO4_IRQHandler
                0x00000358                GPIO5_IRQHandler
                0x0000035a                GPIO6_IRQHandler
                0x0000035c                GPIO7_IRQHandler
                0x0000035e                GPIO8_IRQHandler
                0x00000360                GPIO9_IRQHandler
                0x00000362                GPIO10_IRQHandler
                0x00000364                GPIO11_IRQHandler
                0x00000366                GPIO12_IRQHandler
                0x00000368                GPIO13_IRQHandler
                0x0000036a                GPIO14_IRQHandler
                0x0000036c                GPIO15_IRQHandler
                0x0000036e                GPIO16_IRQHandler
                0x00000370                GPIO17_IRQHandler
                0x00000372                GPIO18_IRQHandler
                0x00000374                GPIO19_IRQHandler
                0x00000376                GPIO20_IRQHandler
                0x00000378                GPIO21_IRQHandler
                0x0000037a                GPIO22_IRQHandler
                0x0000037c                GPIO23_IRQHandler
                0x0000037e                GPIO24_IRQHandler
                0x00000380                GPIO25_IRQHandler
                0x00000382                GPIO26_IRQHandler
                0x00000384                GPIO27_IRQHandler
                0x00000386                GPIO28_IRQHandler
                0x00000388                GPIO29_IRQHandler
                0x0000038a                GPIO30_IRQHandler
                0x0000038c                GPIO31_IRQHandler
                0x0000038e                ACE_PC0_Flag0_IRQHandler
                0x00000390                ACE_PC0_Flag1_IRQHandler
                0x00000392                ACE_PC0_Flag2_IRQHandler
                0x00000394                ACE_PC0_Flag3_IRQHandler
                0x00000396                ACE_PC1_Flag0_IRQHandler
                0x00000398                ACE_PC1_Flag1_IRQHandler
                0x0000039a                ACE_PC1_Flag2_IRQHandler
                0x0000039c                ACE_PC1_Flag3_IRQHandler
                0x0000039e                ACE_PC2_Flag0_IRQHandler
                0x000003a0                ACE_PC2_Flag1_IRQHandler
                0x000003a2                ACE_PC2_Flag2_IRQHandler
                0x000003a4                ACE_PC2_Flag3_IRQHandler
                0x000003a6                ACE_ADC0_DataValid_IRQHandler
                0x000003a8                ACE_ADC1_DataValid_IRQHandler
                0x000003aa                ACE_ADC2_DataValid_IRQHandler
                0x000003ac                ACE_ADC0_CalDone_IRQHandler
                0x000003ae                ACE_ADC1_CalDone_IRQHandler
                0x000003b0                ACE_ADC2_CalDone_IRQHandler
                0x000003b2                ACE_ADC0_CalStart_IRQHandler
                0x000003b4                ACE_ADC1_CalStart_IRQHandler
                0x000003b6                ACE_ADC2_CalStart_IRQHandler
                0x000003b8                ACE_Comp0_Fall_IRQHandler
                0x000003ba                ACE_Comp1_Fall_IRQHandler
                0x000003bc                ACE_Comp2_Fall_IRQHandler
                0x000003be                ACE_Comp3_Fall_IRQHandler
                0x000003c0                ACE_Comp4_Fall_IRQHandler
                0x000003c2                ACE_Comp5_Fall_IRQHandler
                0x000003c4                ACE_Comp6_Fall_IRQHandler
                0x000003c6                ACE_Comp7_Fall_IRQHandler
                0x000003c8                ACE_Comp8_Fall_IRQHandler
                0x000003ca                ACE_Comp9_Fall_IRQHandler
                0x000003cc                ACE_Comp10_Fall_IRQHandler
                0x000003ce                ACE_Comp11_Fall_IRQHandler
                0x000003d0                ACE_Comp0_Rise_IRQHandler
                0x000003d2                ACE_Comp1_Rise_IRQHandler
                0x000003d4                ACE_Comp2_Rise_IRQHandler
                0x000003d6                ACE_Comp3_Rise_IRQHandler
                0x000003d8                ACE_Comp4_Rise_IRQHandler
                0x000003da                ACE_Comp5_Rise_IRQHandler
                0x000003dc                ACE_Comp6_Rise_IRQHandler
                0x000003de                ACE_Comp7_Rise_IRQHandler
                0x000003e0                ACE_Comp8_Rise_IRQHandler
                0x000003e2                ACE_Comp9_Rise_IRQHandler
                0x000003e4                ACE_Comp10_Rise_IRQHandler
                0x000003e6                ACE_Comp11_Rise_IRQHandler
                0x000003e8                ACE_ADC0_FifoFull_IRQHandler
                0x000003ea                ACE_ADC0_FifoAFull_IRQHandler
                0x000003ec                ACE_ADC0_FifoEmpty_IRQHandler
                0x000003ee                ACE_ADC1_FifoFull_IRQHandler
                0x000003f0                ACE_ADC1_FifoAFull_IRQHandler
                0x000003f2                ACE_ADC1_FifoEmpty_IRQHandler
                0x000003f4                ACE_ADC2_FifoFull_IRQHandler
                0x000003f6                ACE_ADC2_FifoAFull_IRQHandler
                0x000003f8                ACE_ADC2_FifoEmpty_IRQHandler
                0x000003fa                ACE_PPE_Flag0_IRQHandler
                0x000003fc                ACE_PPE_Flag1_IRQHandler
                0x000003fe                ACE_PPE_Flag2_IRQHandler
                0x00000400                ACE_PPE_Flag3_IRQHandler
                0x00000402                ACE_PPE_Flag4_IRQHandler
                0x00000404                ACE_PPE_Flag5_IRQHandler
                0x00000406                ACE_PPE_Flag6_IRQHandler
                0x00000408                ACE_PPE_Flag7_IRQHandler
                0x0000040a                ACE_PPE_Flag8_IRQHandler
                0x0000040c                ACE_PPE_Flag9_IRQHandler
                0x0000040e                ACE_PPE_Flag10_IRQHandler
                0x00000410                ACE_PPE_Flag11_IRQHandler
                0x00000412                ACE_PPE_Flag12_IRQHandler
                0x00000414                ACE_PPE_Flag13_IRQHandler
                0x00000416                ACE_PPE_Flag14_IRQHandler
                0x00000418                ACE_PPE_Flag15_IRQHandler
                0x0000041a                ACE_PPE_Flag16_IRQHandler
                0x0000041c                ACE_PPE_Flag17_IRQHandler
                0x0000041e                ACE_PPE_Flag18_IRQHandler
                0x00000420                ACE_PPE_Flag19_IRQHandler
                0x00000422                ACE_PPE_Flag20_IRQHandler
                0x00000424                ACE_PPE_Flag21_IRQHandler
                0x00000426                ACE_PPE_Flag22_IRQHandler
                0x00000428                ACE_PPE_Flag23_IRQHandler
                0x0000042a                ACE_PPE_Flag24_IRQHandler
                0x0000042c                ACE_PPE_Flag25_IRQHandler
                0x0000042e                ACE_PPE_Flag26_IRQHandler
                0x00000430                ACE_PPE_Flag27_IRQHandler
                0x00000432                ACE_PPE_Flag28_IRQHandler
                0x00000434                ACE_PPE_Flag29_IRQHandler
                0x00000436                ACE_PPE_Flag30_IRQHandler
                0x00000438                ACE_PPE_Flag31_IRQHandler
 *sys_boot.o(.text)
                0x00000470                . = ALIGN (0x4)

.text           0x00000470     0x8830 load address 0x60000470
 CREATE_OBJECT_SYMBOLS
                0x60000470                __text_load = LOADADDR (.text)
                0x00000470                __text_start = .
 *(.text .text.* .gnu.linkonce.t.*)
 .text          0x00000470       0x30 c:/microsemi/libero_v11.4/softconsole/sourcery-g++/bin/../lib/gcc/arm-none-eabi/4.4.1/thumb2/crtbegin.o
 .text.main     0x000004a0      0x1a0 ./main.o
                0x000004a0                main
 .text.player_1
                0x00000640      0xa08 ./main.o
                0x00000640                player_1
 .text.player_2
                0x00001048      0x9a8 ./main.o
                0x00001048                player_2
 .text._close   0x000019f0        0x8 F:/N64/SoftConsole/N64_MSS_MSS_CM3_0/N64_MSS_MSS_CM3_0_hw_platform/Debug/CMSIS/startup_gcc/newlib_stubs.o
                0x000019f0                _close
 .text._exit    0x000019f8        0x4 F:/N64/SoftConsole/N64_MSS_MSS_CM3_0/N64_MSS_MSS_CM3_0_hw_platform/Debug/CMSIS/startup_gcc/newlib_stubs.o
                0x000019f8                _exit
 .text._fstat   0x000019fc        0xc F:/N64/SoftConsole/N64_MSS_MSS_CM3_0/N64_MSS_MSS_CM3_0_hw_platform/Debug/CMSIS/startup_gcc/newlib_stubs.o
                0x000019fc                _fstat
 .text._isatty  0x00001a08        0x8 F:/N64/SoftConsole/N64_MSS_MSS_CM3_0/N64_MSS_MSS_CM3_0_hw_platform/Debug/CMSIS/startup_gcc/newlib_stubs.o
                0x00001a08                _isatty
 .text._lseek   0x00001a10        0x8 F:/N64/SoftConsole/N64_MSS_MSS_CM3_0/N64_MSS_MSS_CM3_0_hw_platform/Debug/CMSIS/startup_gcc/newlib_stubs.o
                0x00001a10                _lseek
 .text._read    0x00001a18        0x8 F:/N64/SoftConsole/N64_MSS_MSS_CM3_0/N64_MSS_MSS_CM3_0_hw_platform/Debug/CMSIS/startup_gcc/newlib_stubs.o
                0x00001a18                _read
 .text._write_r
                0x00001a20       0x48 F:/N64/SoftConsole/N64_MSS_MSS_CM3_0/N64_MSS_MSS_CM3_0_hw_platform/Debug/CMSIS/startup_gcc/newlib_stubs.o
                0x00001a20                _write_r
 .text._sbrk    0x00001a68       0x64 F:/N64/SoftConsole/N64_MSS_MSS_CM3_0/N64_MSS_MSS_CM3_0_hw_platform/Debug/CMSIS/startup_gcc/newlib_stubs.o
                0x00001a68                _sbrk
 .text.MSS_UART_polled_tx
                0x00001acc       0xac F:\N64\SoftConsole\N64_MSS_MSS_CM3_0\N64_MSS_MSS_CM3_0_hw_platform\Debug\libN64_MSS_MSS_CM3_0_hw_platform.a(mss_uart.o)
                0x00001acc                MSS_UART_polled_tx
 .text.MSS_UART_isr
                0x00001b78       0x70 F:\N64\SoftConsole\N64_MSS_MSS_CM3_0\N64_MSS_MSS_CM3_0_hw_platform\Debug\libN64_MSS_MSS_CM3_0_hw_platform.a(mss_uart.o)
 .text.default_tx_handler
                0x00001be8       0xa8 F:\N64\SoftConsole\N64_MSS_MSS_CM3_0\N64_MSS_MSS_CM3_0_hw_platform\Debug\libN64_MSS_MSS_CM3_0_hw_platform.a(mss_uart.o)
 .text.UART0_IRQHandler
                0x00001c90       0x30 F:\N64\SoftConsole\N64_MSS_MSS_CM3_0\N64_MSS_MSS_CM3_0_hw_platform\Debug\libN64_MSS_MSS_CM3_0_hw_platform.a(mss_uart.o)
                0x00001c90                UART0_IRQHandler
 .text.UART1_IRQHandler
                0x00001cc0       0x30 F:\N64\SoftConsole\N64_MSS_MSS_CM3_0\N64_MSS_MSS_CM3_0_hw_platform\Debug\libN64_MSS_MSS_CM3_0_hw_platform.a(mss_uart.o)
                0x00001cc0                UART1_IRQHandler
 .text.MSS_UART_get_tx_status
                0x00001cf0       0x34 F:\N64\SoftConsole\N64_MSS_MSS_CM3_0\N64_MSS_MSS_CM3_0_hw_platform\Debug\libN64_MSS_MSS_CM3_0_hw_platform.a(mss_uart.o)
                0x00001cf0                MSS_UART_get_tx_status
 .text.MSS_UART_init
                0x00001d24      0x150 F:\N64\SoftConsole\N64_MSS_MSS_CM3_0\N64_MSS_MSS_CM3_0_hw_platform\Debug\libN64_MSS_MSS_CM3_0_hw_platform.a(mss_uart.o)
                0x00001d24                MSS_UART_init
 .text.SystemInit
                0x00001e74        0x4 F:\N64\SoftConsole\N64_MSS_MSS_CM3_0\N64_MSS_MSS_CM3_0_hw_platform\Debug\libN64_MSS_MSS_CM3_0_hw_platform.a(system_a2fxxxm3.o)
                0x00001e74                SystemInit
 .text.SystemCoreClockUpdate
                0x00001e78      0x130 F:\N64\SoftConsole\N64_MSS_MSS_CM3_0\N64_MSS_MSS_CM3_0_hw_platform\Debug\libN64_MSS_MSS_CM3_0_hw_platform.a(system_a2fxxxm3.o)
                0x00001e78                SystemCoreClockUpdate
 .text          0x00001fa8      0x370 c:/microsemi/libero_v11.4/softconsole/sourcery-g++/bin/../lib/gcc/arm-none-eabi/4.4.1/thumb2\libgcc.a(_arm_addsubdf3.o)
                0x00001fa8                __aeabi_drsub
                0x00001fb0                __aeabi_dsub
                0x00001fb0                __subdf3
                0x00001fb4                __aeabi_dadd
                0x00001fb4                __adddf3
                0x0000222c                __floatunsidf
                0x0000222c                __aeabi_ui2d
                0x0000224c                __floatsidf
                0x0000224c                __aeabi_i2d
                0x00002270                __aeabi_f2d
                0x00002270                __extendsfdf2
                0x000022ac                __floatundidf
                0x000022ac                __aeabi_ul2d
                0x000022bc                __floatdidf
                0x000022bc                __aeabi_l2d
 .text          0x00002318      0x110 c:/microsemi/libero_v11.4/softconsole/sourcery-g++/bin/../lib/gcc/arm-none-eabi/4.4.1/thumb2\libgcc.a(_arm_cmpdf2.o)
                0x00002318                __gtdf2
                0x00002318                __gedf2
                0x00002320                __ltdf2
                0x00002320                __ledf2
                0x00002328                __nedf2
                0x00002328                __eqdf2
                0x00002328                __cmpdf2
                0x000023a4                __aeabi_cdrcmple
                0x000023b4                __aeabi_cdcmpeq
                0x000023b4                __aeabi_cdcmple
                0x000023c4                __aeabi_dcmpeq
                0x000023d8                __aeabi_dcmplt
                0x000023ec                __aeabi_dcmple
                0x00002400                __aeabi_dcmpge
                0x00002414                __aeabi_dcmpgt
 .text          0x00002428      0x21c c:/microsemi/libero_v11.4/softconsole/sourcery-g++/bin/../lib/gcc/arm-none-eabi/4.4.1/thumb2\libgcc.a(_arm_addsubsf3.o)
                0x00002428                __aeabi_frsub
                0x00002430                __subsf3
                0x00002430                __aeabi_fsub
                0x00002434                __aeabi_fadd
                0x00002434                __addsf3
                0x00002594                __aeabi_ui2f
                0x00002594                __floatunsisf
                0x0000259c                __aeabi_i2f
                0x0000259c                __floatsisf
                0x000025b8                __aeabi_ul2f
                0x000025b8                __floatundisf
                0x000025c8                __aeabi_l2f
                0x000025c8                __floatdisf
 .text          0x00002644      0x2a0 c:/microsemi/libero_v11.4/softconsole/sourcery-g++/bin/../lib/gcc/arm-none-eabi/4.4.1/thumb2\libgcc.a(_arm_muldivsf3.o)
                0x00002644                __mulsf3
                0x00002644                __aeabi_fmul
                0x000027ac                __aeabi_fdiv
                0x000027ac                __divsf3
 .text          0x000028e4       0xec c:/microsemi/libero_v11.4/softconsole/sourcery-g++/bin/../lib/gcc/arm-none-eabi/4.4.1/thumb2\libgcc.a(_arm_cmpsf2.o)
                0x000028e4                __gesf2
                0x000028e4                __gtsf2
                0x000028ec                __lesf2
                0x000028ec                __ltsf2
                0x000028f4                __nesf2
                0x000028f4                __eqsf2
                0x000028f4                __cmpsf2
                0x00002954                __aeabi_cfrcmple
                0x0000295c                __aeabi_cfcmpeq
                0x0000295c                __aeabi_cfcmple
                0x0000296c                __aeabi_fcmpeq
                0x00002980                __aeabi_fcmplt
                0x00002994                __aeabi_fcmple
                0x000029a8                __aeabi_fcmpge
                0x000029bc                __aeabi_fcmpgt
 .text          0x000029d0       0x40 c:/microsemi/libero_v11.4/softconsole/sourcery-g++/bin/../lib/gcc/arm-none-eabi/4.4.1/thumb2\libgcc.a(_arm_fixunssfsi.o)
                0x000029d0                __fixunssfsi
                0x000029d0                __aeabi_f2uiz
 .text          0x00002a10       0x50 c:/microsemi/libero_v11.4/softconsole/sourcery-g++/bin/../lib/gcc/arm-none-eabi/4.4.1/../../../../arm-none-eabi/lib/thumb2\libc.a(lib_a-init.o)
                0x00002a10                __libc_init_array
 .text          0x00002a60       0x64 c:/microsemi/libero_v11.4/softconsole/sourcery-g++/bin/../lib/gcc/arm-none-eabi/4.4.1/../../../../arm-none-eabi/lib/thumb2\libc.a(lib_a-printf.o)
                0x00002a60                printf
                0x00002a98                _printf_r
 .text          0x00002ac4       0x88 c:/microsemi/libero_v11.4/softconsole/sourcery-g++/bin/../lib/gcc/arm-none-eabi/4.4.1/../../../../arm-none-eabi/lib/thumb2\libc.a(lib_a-puts.o)
                0x00002ac4                _puts_r
                0x00002b3c                puts
 .text          0x00002b4c       0x60 c:/microsemi/libero_v11.4/softconsole/sourcery-g++/bin/../lib/gcc/arm-none-eabi/4.4.1/../../../../arm-none-eabi/lib/thumb2\libc.a(lib_a-strlen.o)
                0x00002b4c                strlen
 .text          0x00002bac     0x1940 c:/microsemi/libero_v11.4/softconsole/sourcery-g++/bin/../lib/gcc/arm-none-eabi/4.4.1/../../../../arm-none-eabi/lib/thumb2\libc.a(lib_a-vfprintf.o)
                0x00002bc8                _vfprintf_r
                0x000044d0                vfprintf
 .text          0x000044ec      0x104 c:/microsemi/libero_v11.4/softconsole/sourcery-g++/bin/../lib/gcc/arm-none-eabi/4.4.1/../../../../arm-none-eabi/lib/thumb2\libc.a(lib_a-wsetup.o)
                0x000044ec                __swsetup_r
 .text          0x000045f0      0xfb8 c:/microsemi/libero_v11.4/softconsole/sourcery-g++/bin/../lib/gcc/arm-none-eabi/4.4.1/../../../../arm-none-eabi/lib/thumb2\libc.a(lib_a-dtoa.o)
                0x00004710                _dtoa_r
 .text          0x000055a8      0x178 c:/microsemi/libero_v11.4/softconsole/sourcery-g++/bin/../lib/gcc/arm-none-eabi/4.4.1/../../../../arm-none-eabi/lib/thumb2\libc.a(lib_a-fflush.o)
                0x000055a8                _fflush_r
                0x000056f8                fflush
 .text          0x00005720      0x1c8 c:/microsemi/libero_v11.4/softconsole/sourcery-g++/bin/../lib/gcc/arm-none-eabi/4.4.1/../../../../arm-none-eabi/lib/thumb2\libc.a(lib_a-findfp.o)
                0x00005720                __sfp_lock_acquire
                0x00005724                __sfp_lock_release
                0x00005728                __sinit_lock_acquire
                0x0000572c                __sinit_lock_release
                0x00005738                __fp_unlock_all
                0x00005750                __fp_lock_all
                0x00005768                _cleanup_r
                0x00005774                _cleanup
                0x000057d0                __sfmoreglue
                0x00005800                __sfp
                0x00005888                __sinit
 .text          0x000058e8      0x268 c:/microsemi/libero_v11.4/softconsole/sourcery-g++/bin/../lib/gcc/arm-none-eabi/4.4.1/../../../../arm-none-eabi/lib/thumb2\libc.a(lib_a-freer.o)
                0x000058e8                _malloc_trim_r
                0x00005990                _free_r
 .text          0x00005b50      0x334 c:/microsemi/libero_v11.4/softconsole/sourcery-g++/bin/../lib/gcc/arm-none-eabi/4.4.1/../../../../arm-none-eabi/lib/thumb2\libc.a(lib_a-fvwrite.o)
                0x00005b50                __sfvwrite_r
 .text          0x00005e84       0xa0 c:/microsemi/libero_v11.4/softconsole/sourcery-g++/bin/../lib/gcc/arm-none-eabi/4.4.1/../../../../arm-none-eabi/lib/thumb2\libc.a(lib_a-fwalk.o)
                0x00005e84                _fwalk_reent
                0x00005ed8                _fwalk
 .text          0x00005f24       0x74 c:/microsemi/libero_v11.4/softconsole/sourcery-g++/bin/../lib/gcc/arm-none-eabi/4.4.1/../../../../arm-none-eabi/lib/thumb2\libc.a(lib_a-locale.o)
                0x00005f24                __locale_charset
                0x00005f30                _localeconv_r
                0x00005f38                localeconv
                0x00005f40                _setlocale_r
                0x00005f88                setlocale
 .text          0x00005f98       0xdc c:/microsemi/libero_v11.4/softconsole/sourcery-g++/bin/../lib/gcc/arm-none-eabi/4.4.1/../../../../arm-none-eabi/lib/thumb2\libc.a(lib_a-makebuf.o)
                0x00005f98                __smakebuf_r
 .text          0x00006074       0x20 c:/microsemi/libero_v11.4/softconsole/sourcery-g++/bin/../lib/gcc/arm-none-eabi/4.4.1/../../../../arm-none-eabi/lib/thumb2\libc.a(lib_a-malloc.o)
                0x00006074                free
                0x00006084                malloc
 .text          0x00006094      0x5a4 c:/microsemi/libero_v11.4/softconsole/sourcery-g++/bin/../lib/gcc/arm-none-eabi/4.4.1/../../../../arm-none-eabi/lib/thumb2\libc.a(lib_a-mallocr.o)
                0x00006094                _malloc_r
 .text          0x00006638       0x74 c:/microsemi/libero_v11.4/softconsole/sourcery-g++/bin/../lib/gcc/arm-none-eabi/4.4.1/../../../../arm-none-eabi/lib/thumb2\libc.a(lib_a-memchr.o)
                0x00006638                memchr
 .text          0x000066ac      0x190 c:/microsemi/libero_v11.4/softconsole/sourcery-g++/bin/../lib/gcc/arm-none-eabi/4.4.1/../../../../arm-none-eabi/lib/thumb2\libc.a(lib_a-memcpy.o)
                0x000066ac                memcpy
 .text          0x0000683c       0xb8 c:/microsemi/libero_v11.4/softconsole/sourcery-g++/bin/../lib/gcc/arm-none-eabi/4.4.1/../../../../arm-none-eabi/lib/thumb2\libc.a(lib_a-memmove.o)
                0x0000683c                memmove
 .text          0x000068f4       0xd4 c:/microsemi/libero_v11.4/softconsole/sourcery-g++/bin/../lib/gcc/arm-none-eabi/4.4.1/../../../../arm-none-eabi/lib/thumb2\libc.a(lib_a-memset.o)
                0x000068f4                memset
 .text          0x000069c8        0x8 c:/microsemi/libero_v11.4/softconsole/sourcery-g++/bin/../lib/gcc/arm-none-eabi/4.4.1/../../../../arm-none-eabi/lib/thumb2\libc.a(lib_a-mlock.o)
                0x000069c8                __malloc_lock
                0x000069cc                __malloc_unlock
 .text          0x000069d0      0x958 c:/microsemi/libero_v11.4/softconsole/sourcery-g++/bin/../lib/gcc/arm-none-eabi/4.4.1/../../../../arm-none-eabi/lib/thumb2\libc.a(lib_a-mprec.o)
                0x000069d0                __hi0bits
                0x00006a10                __lo0bits
                0x00006a74                __mcmp
                0x00006ab4                __ulp
                0x00006b00                __b2d
                0x00006ba8                __ratio
                0x00006c08                _mprec_log10
                0x00006c40                __copybits
                0x00006c90                __any_on
                0x00006ce8                _Bfree
                0x00006d20                _Balloc
                0x00006d8c                __d2b
                0x00006e5c                __mdiff
                0x00006f54                __lshift
                0x00007010                __multiply
                0x00007144                __i2b
                0x00007158                __multadd
                0x000071e0                __pow5mult
                0x0000728c                __s2b
 .text          0x00007328      0x3b4 c:/microsemi/libero_v11.4/softconsole/sourcery-g++/bin/../lib/gcc/arm-none-eabi/4.4.1/../../../../arm-none-eabi/lib/thumb2\libc.a(lib_a-reallocr.o)
                0x00007328                _realloc_r
 .text          0x000076dc       0x24 c:/microsemi/libero_v11.4/softconsole/sourcery-g++/bin/../lib/gcc/arm-none-eabi/4.4.1/../../../../arm-none-eabi/lib/thumb2\libc.a(lib_a-s_isinfd.o)
                0x000076dc                __isinfd
 .text          0x00007700       0x1c c:/microsemi/libero_v11.4/softconsole/sourcery-g++/bin/../lib/gcc/arm-none-eabi/4.4.1/../../../../arm-none-eabi/lib/thumb2\libc.a(lib_a-s_isnand.o)
                0x00007700                __isnand
 .text          0x0000771c       0x28 c:/microsemi/libero_v11.4/softconsole/sourcery-g++/bin/../lib/gcc/arm-none-eabi/4.4.1/../../../../arm-none-eabi/lib/thumb2\libc.a(lib_a-sbrkr.o)
                0x0000771c                _sbrk_r
 .text          0x00007744       0x90 c:/microsemi/libero_v11.4/softconsole/sourcery-g++/bin/../lib/gcc/arm-none-eabi/4.4.1/../../../../arm-none-eabi/lib/thumb2\libc.a(lib_a-stdio.o)
                0x00007744                __sclose
                0x0000774c                __sseek
                0x00007774                __swrite
                0x000077b0                __sread
 .text          0x000077d4      0x1dc c:/microsemi/libero_v11.4/softconsole/sourcery-g++/bin/../lib/gcc/arm-none-eabi/4.4.1/../../../../arm-none-eabi/lib/thumb2\libc.a(lib_a-strcmp.o)
                0x000077d4                strcmp
 .text          0x000079b0       0x5c c:/microsemi/libero_v11.4/softconsole/sourcery-g++/bin/../lib/gcc/arm-none-eabi/4.4.1/../../../../arm-none-eabi/lib/thumb2\libc.a(lib_a-callocr.o)
                0x000079b0                _calloc_r
 .text          0x00007a0c       0x28 c:/microsemi/libero_v11.4/softconsole/sourcery-g++/bin/../lib/gcc/arm-none-eabi/4.4.1/../../../../arm-none-eabi/lib/thumb2\libc.a(lib_a-closer.o)
                0x00007a0c                _close_r
 .text          0x00007a34       0xcc c:/microsemi/libero_v11.4/softconsole/sourcery-g++/bin/../lib/gcc/arm-none-eabi/4.4.1/../../../../arm-none-eabi/lib/thumb2\libc.a(lib_a-fclose.o)
                0x00007a34                _fclose_r
                0x00007af0                fclose
 .text          0x00007b00       0x2c c:/microsemi/libero_v11.4/softconsole/sourcery-g++/bin/../lib/gcc/arm-none-eabi/4.4.1/../../../../arm-none-eabi/lib/thumb2\libc.a(lib_a-fstatr.o)
                0x00007b00                _fstat_r
 .text          0x00007b2c       0x28 c:/microsemi/libero_v11.4/softconsole/sourcery-g++/bin/../lib/gcc/arm-none-eabi/4.4.1/../../../../arm-none-eabi/lib/thumb2\libc.a(lib_a-isattyr.o)
                0x00007b2c                _isatty_r
 .text          0x00007b54       0x2c c:/microsemi/libero_v11.4/softconsole/sourcery-g++/bin/../lib/gcc/arm-none-eabi/4.4.1/../../../../arm-none-eabi/lib/thumb2\libc.a(lib_a-lseekr.o)
                0x00007b54                _lseek_r
 .text          0x00007b80       0x2c c:/microsemi/libero_v11.4/softconsole/sourcery-g++/bin/../lib/gcc/arm-none-eabi/4.4.1/../../../../arm-none-eabi/lib/thumb2\libc.a(lib_a-readr.o)
                0x00007b80                _read_r
 *fill*         0x00007bac        0x4 00
 .text          0x00007bb0      0x278 c:/microsemi/libero_v11.4/softconsole/sourcery-g++/bin/../lib/gcc/arm-none-eabi/4.4.1/thumb2\libgcc.a(_udivsi3.o)
                0x00007bb0                __aeabi_uidiv
                0x00007bb0                __udivsi3
                0x00007e0c                __aeabi_uidivmod
 .text          0x00007e28        0x4 c:/microsemi/libero_v11.4/softconsole/sourcery-g++/bin/../lib/gcc/arm-none-eabi/4.4.1/thumb2\libgcc.a(_dvmd_tls.o)
                0x00007e28                __aeabi_idiv0
                0x00007e28                __aeabi_ldiv0
 .text          0x00007e2c      0x424 c:/microsemi/libero_v11.4/softconsole/sourcery-g++/bin/../lib/gcc/arm-none-eabi/4.4.1/thumb2\libgcc.a(_arm_muldivdf3.o)
                0x00007e2c                __aeabi_dmul
                0x00007e2c                __muldf3
                0x00008080                __divdf3
                0x00008080                __aeabi_ddiv
 .text          0x00008250       0x50 c:/microsemi/libero_v11.4/softconsole/sourcery-g++/bin/../lib/gcc/arm-none-eabi/4.4.1/thumb2\libgcc.a(_arm_fixdfsi.o)
                0x00008250                __aeabi_d2iz
                0x00008250                __fixdfsi
 .text          0x000082a0       0x2c c:/microsemi/libero_v11.4/softconsole/sourcery-g++/bin/../lib/gcc/arm-none-eabi/4.4.1/thumb2\libgcc.a(_aeabi_uldivmod.o)
                0x000082a0                __aeabi_uldivmod
 .text          0x000082cc       0x58 c:/microsemi/libero_v11.4/softconsole/sourcery-g++/bin/../lib/gcc/arm-none-eabi/4.4.1/thumb2\libgcc.a(bpabi.o)
                0x000082cc                __gnu_uldivmod_helper
                0x000082f8                __gnu_ldivmod_helper
 .text          0x00008324      0x364 c:/microsemi/libero_v11.4/softconsole/sourcery-g++/bin/../lib/gcc/arm-none-eabi/4.4.1/thumb2\libgcc.a(_divdi3.o)
                0x00008324                __divdi3
 .text          0x00008688      0x300 c:/microsemi/libero_v11.4/softconsole/sourcery-g++/bin/../lib/gcc/arm-none-eabi/4.4.1/thumb2\libgcc.a(_udivdi3.o)
                0x00008688                __udivdi3
 *(.plt)
 *(.gnu.warning)
 *(.glue_7t)
 .glue_7t       0x00000000        0x0 linker stubs
 *(.glue_7)
 .glue_7        0x00000000        0x0 linker stubs
 *(.vfp11_veneer)
 .vfp11_veneer  0x00000000        0x0 linker stubs
                0x00008988                . = ALIGN (0x4)
 *crtbegin.o(.ctors)
 *(EXCLUDE_FILE(*crtend.o) .ctors)
 *(SORT(.ctors.*))
 *crtend.o(.ctors)
 *crtbegin.o(.dtors)
 *(EXCLUDE_FILE(*crtend.o) .dtors)
 *(SORT(.dtors.*))
 *crtend.o(.dtors)
 *(.rodata .rodata.* .gnu.linkonce.r.*)
 .rodata        0x00008988       0x80 ./main.o
 .rodata.str1.4
                0x00008a08       0x1a F:/N64/SoftConsole/N64_MSS_MSS_CM3_0/N64_MSS_MSS_CM3_0_hw_platform/Debug/CMSIS/startup_gcc/newlib_stubs.o
                                 0x1c (size before relaxing)
 *fill*         0x00008a22        0x2 00
 .rodata.C.16.2565
                0x00008a24       0x10 F:\N64\SoftConsole\N64_MSS_MSS_CM3_0\N64_MSS_MSS_CM3_0_hw_platform\Debug\libN64_MSS_MSS_CM3_0_hw_platform.a(system_a2fxxxm3.o)
 .rodata        0x00008a34        0x4 c:/microsemi/libero_v11.4/softconsole/sourcery-g++/bin/../lib/gcc/arm-none-eabi/4.4.1/../../../../arm-none-eabi/lib/thumb2\libc.a(lib_a-impure.o)
                0x00008a34                _global_impure_ptr
 .rodata.str1.4
                0x00008a38        0x2 c:/microsemi/libero_v11.4/softconsole/sourcery-g++/bin/../lib/gcc/arm-none-eabi/4.4.1/../../../../arm-none-eabi/lib/thumb2\libc.a(lib_a-impure.o)
                                  0x4 (size before relaxing)
 .rodata.str1.4
                0x00000000        0x2 c:/microsemi/libero_v11.4/softconsole/sourcery-g++/bin/../lib/gcc/arm-none-eabi/4.4.1/../../../../arm-none-eabi/lib/thumb2\libc.a(lib_a-puts.o)
                                  0x4 (size before relaxing)
 *fill*         0x00008a3a        0x2 00
 .rodata        0x00008a3c       0x20 c:/microsemi/libero_v11.4/softconsole/sourcery-g++/bin/../lib/gcc/arm-none-eabi/4.4.1/../../../../arm-none-eabi/lib/thumb2\libc.a(lib_a-vfprintf.o)
 .rodata.str1.4
                0x00008a5c       0x42 c:/microsemi/libero_v11.4/softconsole/sourcery-g++/bin/../lib/gcc/arm-none-eabi/4.4.1/../../../../arm-none-eabi/lib/thumb2\libc.a(lib_a-vfprintf.o)
                                 0x44 (size before relaxing)
 *fill*         0x00008a9e        0x2 00
 .rodata.str1.4
                0x00008aa0       0x10 c:/microsemi/libero_v11.4/softconsole/sourcery-g++/bin/../lib/gcc/arm-none-eabi/4.4.1/../../../../arm-none-eabi/lib/thumb2\libc.a(lib_a-dtoa.o)
                                 0x14 (size before relaxing)
 .rodata        0x00008ab0       0x60 c:/microsemi/libero_v11.4/softconsole/sourcery-g++/bin/../lib/gcc/arm-none-eabi/4.4.1/../../../../arm-none-eabi/lib/thumb2\libc.a(lib_a-findfp.o)
                0x00008ab0                __sf_fake_stdin
                0x00008ad0                __sf_fake_stdout
                0x00008af0                __sf_fake_stderr
 .rodata        0x00008b10       0x34 c:/microsemi/libero_v11.4/softconsole/sourcery-g++/bin/../lib/gcc/arm-none-eabi/4.4.1/../../../../arm-none-eabi/lib/thumb2\libc.a(lib_a-locale.o)
 .rodata.str1.4
                0x00008b44       0x10 c:/microsemi/libero_v11.4/softconsole/sourcery-g++/bin/../lib/gcc/arm-none-eabi/4.4.1/../../../../arm-none-eabi/lib/thumb2\libc.a(lib_a-locale.o)
                                 0x18 (size before relaxing)
 *fill*         0x00008b54        0x4 00
 .rodata        0x00008b58      0x128 c:/microsemi/libero_v11.4/softconsole/sourcery-g++/bin/../lib/gcc/arm-none-eabi/4.4.1/../../../../arm-none-eabi/lib/thumb2\libc.a(lib_a-mprec.o)
                0x00008b58                __mprec_tens
                0x00008c30                __mprec_bigtens
                0x00008c58                __mprec_tinytens
 *(.ARM.extab* .gnu.linkonce.armextab.*)
 *(.gcc_except_table)
 *(.eh_frame_hdr)
 *(.eh_frame)
 *(.init)
 .init          0x00008c80        0x4 c:/microsemi/libero_v11.4/softconsole/sourcery-g++/bin/../lib/gcc/arm-none-eabi/4.4.1/thumb2/crti.o
                0x00008c80                _init
 .init          0x00008c84        0x8 c:/microsemi/libero_v11.4/softconsole/sourcery-g++/bin/../lib/gcc/arm-none-eabi/4.4.1/thumb2/crtn.o
 *(.fini)
 .fini          0x00008c8c        0x4 c:/microsemi/libero_v11.4/softconsole/sourcery-g++/bin/../lib/gcc/arm-none-eabi/4.4.1/thumb2/crti.o
                0x00008c8c                _fini
 .fini          0x00008c90        0x8 c:/microsemi/libero_v11.4/softconsole/sourcery-g++/bin/../lib/gcc/arm-none-eabi/4.4.1/thumb2/crtn.o
                0x00008c98                PROVIDE (__preinit_array_start, .)
 *(.preinit_array)
                0x00008c98                PROVIDE (__preinit_array_end, .)
                0x00008c98                PROVIDE (__init_array_start, .)
 *(SORT(.init_array.*))
 *(.init_array)
 .init_array    0x00008c98        0x4 c:/microsemi/libero_v11.4/softconsole/sourcery-g++/bin/../lib/gcc/arm-none-eabi/4.4.1/thumb2/crtbegin.o
                0x00008c9c                PROVIDE (__init_array_end, .)
                0x00008c9c                PROVIDE (__fini_array_start, .)
 *(.fini_array)
 .fini_array    0x00008c9c        0x4 c:/microsemi/libero_v11.4/softconsole/sourcery-g++/bin/../lib/gcc/arm-none-eabi/4.4.1/thumb2/crtbegin.o
 *(SORT(.fini_array.*))
                0x00008ca0                PROVIDE (__fini_array_end, .)
                0x00008ca0                __exidx_start = .

.v4_bx          0x00008ca0        0x0 load address 0x60008ca0
 .v4_bx         0x00000000        0x0 linker stubs

.ARM.exidx      0x20000000        0x8 load address 0x60008ca0
 *(.ARM.exidx* .gnu.linkonce.armexidx.*)
 .ARM.exidx     0x20000000        0x8 c:/microsemi/libero_v11.4/softconsole/sourcery-g++/bin/../lib/gcc/arm-none-eabi/4.4.1/thumb2\libgcc.a(_divdi3.o)
 .ARM.exidx     0x20000008        0x0 c:/microsemi/libero_v11.4/softconsole/sourcery-g++/bin/../lib/gcc/arm-none-eabi/4.4.1/thumb2\libgcc.a(_udivdi3.o)
                                  0x8 (size before relaxing)
                0x20000008                __exidx_end = .
                0x20000008                _etext = .

.data           0x20000008      0x520 load address 0x60008ca8
                0x60008ca8                __data_load = LOADADDR (.data)
                0x60008ca8                _sidata = LOADADDR (.data)
                0x20000008                __data_start = .
                0x20000008                _sdata = .
 *(.jcr)
 .jcr           0x20000008        0x0 c:/microsemi/libero_v11.4/softconsole/sourcery-g++/bin/../lib/gcc/arm-none-eabi/4.4.1/thumb2/crtbegin.o
 .jcr           0x20000008        0x4 c:/microsemi/libero_v11.4/softconsole/sourcery-g++/bin/../lib/gcc/arm-none-eabi/4.4.1/thumb2/crtend.o
 *(.got.plt)
 *(.got)
 *(.shdata)
 *(.data .data.* .gnu.linkonce.d.*)
 .data.g_FrequencyACE
                0x2000000c        0x4 F:\N64\SoftConsole\N64_MSS_MSS_CM3_0\N64_MSS_MSS_CM3_0_hw_platform\Debug\libN64_MSS_MSS_CM3_0_hw_platform.a(system_a2fxxxm3.o)
                0x2000000c                g_FrequencyACE
 .data.g_FrequencyFPGA
                0x20000010        0x4 F:\N64\SoftConsole\N64_MSS_MSS_CM3_0\N64_MSS_MSS_CM3_0_hw_platform\Debug\libN64_MSS_MSS_CM3_0_hw_platform.a(system_a2fxxxm3.o)
                0x20000010                g_FrequencyFPGA
 .data.g_FrequencyPCLK0
                0x20000014        0x4 F:\N64\SoftConsole\N64_MSS_MSS_CM3_0\N64_MSS_MSS_CM3_0_hw_platform\Debug\libN64_MSS_MSS_CM3_0_hw_platform.a(system_a2fxxxm3.o)
                0x20000014                g_FrequencyPCLK0
 .data.g_FrequencyPCLK1
                0x20000018        0x4 F:\N64\SoftConsole\N64_MSS_MSS_CM3_0\N64_MSS_MSS_CM3_0_hw_platform\Debug\libN64_MSS_MSS_CM3_0_hw_platform.a(system_a2fxxxm3.o)
                0x20000018                g_FrequencyPCLK1
 .data.SystemCoreClock
                0x2000001c        0x4 F:\N64\SoftConsole\N64_MSS_MSS_CM3_0\N64_MSS_MSS_CM3_0_hw_platform\Debug\libN64_MSS_MSS_CM3_0_hw_platform.a(system_a2fxxxm3.o)
                0x2000001c                SystemCoreClock
 .data.SystemFrequency
                0x20000020        0x4 F:\N64\SoftConsole\N64_MSS_MSS_CM3_0\N64_MSS_MSS_CM3_0_hw_platform\Debug\libN64_MSS_MSS_CM3_0_hw_platform.a(system_a2fxxxm3.o)
                0x20000020                SystemFrequency
 .data          0x20000024       0xf4 c:/microsemi/libero_v11.4/softconsole/sourcery-g++/bin/../lib/gcc/arm-none-eabi/4.4.1/../../../../arm-none-eabi/lib/thumb2\libc.a(lib_a-impure.o)
                0x20000024                _impure_ptr
 .data          0x20000118      0x410 c:/microsemi/libero_v11.4/softconsole/sourcery-g++/bin/../lib/gcc/arm-none-eabi/4.4.1/../../../../arm-none-eabi/lib/thumb2\libc.a(lib_a-mallocr.o)
                0x20000118                __malloc_av_
                0x20000520                __malloc_sbrk_base
                0x20000524                __malloc_trim_threshold
                0x20000528                . = ALIGN (0x4)
                0x20000528                _edata = .

.bss            0x20000528      0x1e0 load address 0x600091c8
                0x20000528                __bss_start__ = .
                0x20000528                _sbss = .
 *(.shbss)
 *(.bss .bss.* .gnu.linkonce.b.*)
 .bss           0x20000528        0x1 c:/microsemi/libero_v11.4/softconsole/sourcery-g++/bin/../lib/gcc/arm-none-eabi/4.4.1/thumb2/crtbegin.o
 *fill*         0x20000529        0x3 00
 .bss.player_1_data
                0x2000052c       0x9c ./main.o
 .bss.player_2_data
                0x200005c8       0x9c ./main.o
 .bss.g_stdio_uart_init_done
                0x20000664        0x4 F:/N64/SoftConsole/N64_MSS_MSS_CM3_0/N64_MSS_MSS_CM3_0_hw_platform/Debug/CMSIS/startup_gcc/newlib_stubs.o
 .bss.heap_end.3583
                0x20000668        0x4 F:/N64/SoftConsole/N64_MSS_MSS_CM3_0/N64_MSS_MSS_CM3_0_hw_platform/Debug/CMSIS/startup_gcc/newlib_stubs.o
 .bss           0x2000066c       0x34 c:/microsemi/libero_v11.4/softconsole/sourcery-g++/bin/../lib/gcc/arm-none-eabi/4.4.1/../../../../arm-none-eabi/lib/thumb2\libc.a(lib_a-mallocr.o)
                0x2000066c                __malloc_top_pad
                0x20000670                __malloc_current_mallinfo
                0x20000698                __malloc_max_sbrked_mem
                0x2000069c                __malloc_max_total_mem
 *(COMMON)
 COMMON         0x200006a0        0xe ./main.o
                0x200006a0                rx_buff
                0x200006ac                tx_buff
 *fill*         0x200006ae        0x2 00
 COMMON         0x200006b0       0x50 F:\N64\SoftConsole\N64_MSS_MSS_CM3_0\N64_MSS_MSS_CM3_0_hw_platform\Debug\libN64_MSS_MSS_CM3_0_hw_platform.a(mss_uart.o)
                0x200006b0                g_mss_uart1
                0x200006d8                g_mss_uart0
 COMMON         0x20000700        0x4 c:/microsemi/libero_v11.4/softconsole/sourcery-g++/bin/../lib/gcc/arm-none-eabi/4.4.1/../../../../arm-none-eabi/lib/thumb2\libc.a(lib_a-reent.o)
                0x20000700                errno
                0x20000708                . = ALIGN (0x8)
 *fill*         0x20000704        0x4 00
                0x20000708                __bss_end__ = .
                0x20000708                _end = .
                0x20000708                __end = _end
                0x20000708                _ebss = .
                0x20000708                PROVIDE (end, .)

.stab
 *(.stab)

.stabstr
 *(.stabstr)

.debug
 *(.debug)

.line
 *(.line)

.debug_srcinfo
 *(.debug_srcinfo)

.debug_sfnames
 *(.debug_sfnames)

.comment        0x00000000       0xac
 .comment       0x00000000       0x2b ./main.o
 .comment       0x0000002b       0x2b F:/N64/SoftConsole/N64_MSS_MSS_CM3_0/N64_MSS_MSS_CM3_0_hw_platform/Debug/CMSIS/startup_gcc/newlib_stubs.o
 .comment       0x00000056       0x2b F:\N64\SoftConsole\N64_MSS_MSS_CM3_0\N64_MSS_MSS_CM3_0_hw_platform\Debug\libN64_MSS_MSS_CM3_0_hw_platform.a(mss_uart.o)
 .comment       0x00000081       0x2b F:\N64\SoftConsole\N64_MSS_MSS_CM3_0\N64_MSS_MSS_CM3_0_hw_platform\Debug\libN64_MSS_MSS_CM3_0_hw_platform.a(system_a2fxxxm3.o)

.debug_aranges  0x00000000      0x1c0
 *(.debug_aranges)
 .debug_aranges
                0x00000000       0x30 ./main.o
 .debug_aranges
                0x00000030       0xa8 F:/N64/SoftConsole/N64_MSS_MSS_CM3_0/N64_MSS_MSS_CM3_0_hw_platform/Debug/CMSIS/startup_gcc/newlib_stubs.o
 .debug_aranges
                0x000000d8       0xc0 F:\N64\SoftConsole\N64_MSS_MSS_CM3_0\N64_MSS_MSS_CM3_0_hw_platform\Debug\libN64_MSS_MSS_CM3_0_hw_platform.a(mss_uart.o)
 .debug_aranges
                0x00000198       0x28 F:\N64\SoftConsole\N64_MSS_MSS_CM3_0\N64_MSS_MSS_CM3_0_hw_platform\Debug\libN64_MSS_MSS_CM3_0_hw_platform.a(system_a2fxxxm3.o)

.debug_pubnames
                0x00000000      0x408
 *(.debug_pubnames)
 .debug_pubnames
                0x00000000       0x4d ./main.o
 .debug_pubnames
                0x0000004d       0xeb F:/N64/SoftConsole/N64_MSS_MSS_CM3_0/N64_MSS_MSS_CM3_0_hw_platform/Debug/CMSIS/startup_gcc/newlib_stubs.o
 .debug_pubnames
                0x00000138      0x21c F:\N64\SoftConsole\N64_MSS_MSS_CM3_0\N64_MSS_MSS_CM3_0_hw_platform\Debug\libN64_MSS_MSS_CM3_0_hw_platform.a(mss_uart.o)
 .debug_pubnames
                0x00000354       0xb4 F:\N64\SoftConsole\N64_MSS_MSS_CM3_0\N64_MSS_MSS_CM3_0_hw_platform\Debug\libN64_MSS_MSS_CM3_0_hw_platform.a(system_a2fxxxm3.o)

.debug_info     0x00000000     0x3b60
 *(.debug_info .gnu.linkonce.wi.*)
 .debug_info    0x00000000      0xdc0 ./main.o
 .debug_info    0x00000dc0     0x10eb F:/N64/SoftConsole/N64_MSS_MSS_CM3_0/N64_MSS_MSS_CM3_0_hw_platform/Debug/CMSIS/startup_gcc/newlib_stubs.o
 .debug_info    0x00001eab     0x1740 F:\N64\SoftConsole\N64_MSS_MSS_CM3_0\N64_MSS_MSS_CM3_0_hw_platform\Debug\libN64_MSS_MSS_CM3_0_hw_platform.a(mss_uart.o)
 .debug_info    0x000035eb      0x575 F:\N64\SoftConsole\N64_MSS_MSS_CM3_0\N64_MSS_MSS_CM3_0_hw_platform\Debug\libN64_MSS_MSS_CM3_0_hw_platform.a(system_a2fxxxm3.o)

.debug_abbrev   0x00000000      0x877
 *(.debug_abbrev)
 .debug_abbrev  0x00000000      0x1cc ./main.o
 .debug_abbrev  0x000001cc      0x251 F:/N64/SoftConsole/N64_MSS_MSS_CM3_0/N64_MSS_MSS_CM3_0_hw_platform/Debug/CMSIS/startup_gcc/newlib_stubs.o
 .debug_abbrev  0x0000041d      0x306 F:\N64\SoftConsole\N64_MSS_MSS_CM3_0\N64_MSS_MSS_CM3_0_hw_platform\Debug\libN64_MSS_MSS_CM3_0_hw_platform.a(mss_uart.o)
 .debug_abbrev  0x00000723      0x154 F:\N64\SoftConsole\N64_MSS_MSS_CM3_0\N64_MSS_MSS_CM3_0_hw_platform\Debug\libN64_MSS_MSS_CM3_0_hw_platform.a(system_a2fxxxm3.o)

.debug_line     0x00000000     0x12aa
 *(.debug_line)
 .debug_line    0x00000000      0x52e ./main.o
 .debug_line    0x0000052e      0x517 F:/N64/SoftConsole/N64_MSS_MSS_CM3_0/N64_MSS_MSS_CM3_0_hw_platform/Debug/CMSIS/startup_gcc/newlib_stubs.o
 .debug_line    0x00000a45      0x5e9 F:\N64\SoftConsole\N64_MSS_MSS_CM3_0\N64_MSS_MSS_CM3_0_hw_platform\Debug\libN64_MSS_MSS_CM3_0_hw_platform.a(mss_uart.o)
 .debug_line    0x0000102e      0x27c F:\N64\SoftConsole\N64_MSS_MSS_CM3_0\N64_MSS_MSS_CM3_0_hw_platform\Debug\libN64_MSS_MSS_CM3_0_hw_platform.a(system_a2fxxxm3.o)

.debug_frame    0x00000000     0x1058
 *(.debug_frame)
 .debug_frame   0x00000000       0x70 ./main.o
 .debug_frame   0x00000070      0x174 F:/N64/SoftConsole/N64_MSS_MSS_CM3_0/N64_MSS_MSS_CM3_0_hw_platform/Debug/CMSIS/startup_gcc/newlib_stubs.o
 .debug_frame   0x000001e4      0x1f0 F:\N64\SoftConsole\N64_MSS_MSS_CM3_0\N64_MSS_MSS_CM3_0_hw_platform\Debug\libN64_MSS_MSS_CM3_0_hw_platform.a(mss_uart.o)
 .debug_frame   0x000003d4       0x3c F:\N64\SoftConsole\N64_MSS_MSS_CM3_0\N64_MSS_MSS_CM3_0_hw_platform\Debug\libN64_MSS_MSS_CM3_0_hw_platform.a(system_a2fxxxm3.o)
 .debug_frame   0x00000410       0x20 c:/microsemi/libero_v11.4/softconsole/sourcery-g++/bin/../lib/gcc/arm-none-eabi/4.4.1/../../../../arm-none-eabi/lib/thumb2\libc.a(lib_a-errno.o)
 .debug_frame   0x00000430       0x2c c:/microsemi/libero_v11.4/softconsole/sourcery-g++/bin/../lib/gcc/arm-none-eabi/4.4.1/../../../../arm-none-eabi/lib/thumb2\libc.a(lib_a-init.o)
 .debug_frame   0x0000045c       0x5c c:/microsemi/libero_v11.4/softconsole/sourcery-g++/bin/../lib/gcc/arm-none-eabi/4.4.1/../../../../arm-none-eabi/lib/thumb2\libc.a(lib_a-printf.o)
 .debug_frame   0x000004b8       0x40 c:/microsemi/libero_v11.4/softconsole/sourcery-g++/bin/../lib/gcc/arm-none-eabi/4.4.1/../../../../arm-none-eabi/lib/thumb2\libc.a(lib_a-puts.o)
 .debug_frame   0x000004f8       0x20 c:/microsemi/libero_v11.4/softconsole/sourcery-g++/bin/../lib/gcc/arm-none-eabi/4.4.1/../../../../arm-none-eabi/lib/thumb2\libc.a(lib_a-strlen.o)
 .debug_frame   0x00000518       0x70 c:/microsemi/libero_v11.4/softconsole/sourcery-g++/bin/../lib/gcc/arm-none-eabi/4.4.1/../../../../arm-none-eabi/lib/thumb2\libc.a(lib_a-vfprintf.o)
 .debug_frame   0x00000588       0x2c c:/microsemi/libero_v11.4/softconsole/sourcery-g++/bin/../lib/gcc/arm-none-eabi/4.4.1/../../../../arm-none-eabi/lib/thumb2\libc.a(lib_a-wsetup.o)
 .debug_frame   0x000005b4       0x64 c:/microsemi/libero_v11.4/softconsole/sourcery-g++/bin/../lib/gcc/arm-none-eabi/4.4.1/../../../../arm-none-eabi/lib/thumb2\libc.a(lib_a-dtoa.o)
 .debug_frame   0x00000618       0x40 c:/microsemi/libero_v11.4/softconsole/sourcery-g++/bin/../lib/gcc/arm-none-eabi/4.4.1/../../../../arm-none-eabi/lib/thumb2\libc.a(lib_a-fflush.o)
 .debug_frame   0x00000658      0x11c c:/microsemi/libero_v11.4/softconsole/sourcery-g++/bin/../lib/gcc/arm-none-eabi/4.4.1/../../../../arm-none-eabi/lib/thumb2\libc.a(lib_a-findfp.o)
 .debug_frame   0x00000774       0x50 c:/microsemi/libero_v11.4/softconsole/sourcery-g++/bin/../lib/gcc/arm-none-eabi/4.4.1/../../../../arm-none-eabi/lib/thumb2\libc.a(lib_a-freer.o)
 .debug_frame   0x000007c4       0x3c c:/microsemi/libero_v11.4/softconsole/sourcery-g++/bin/../lib/gcc/arm-none-eabi/4.4.1/../../../../arm-none-eabi/lib/thumb2\libc.a(lib_a-fvwrite.o)
 .debug_frame   0x00000800       0x54 c:/microsemi/libero_v11.4/softconsole/sourcery-g++/bin/../lib/gcc/arm-none-eabi/4.4.1/../../../../arm-none-eabi/lib/thumb2\libc.a(lib_a-fwalk.o)
 .debug_frame   0x00000854       0x6c c:/microsemi/libero_v11.4/softconsole/sourcery-g++/bin/../lib/gcc/arm-none-eabi/4.4.1/../../../../arm-none-eabi/lib/thumb2\libc.a(lib_a-locale.o)
 .debug_frame   0x000008c0       0x34 c:/microsemi/libero_v11.4/softconsole/sourcery-g++/bin/../lib/gcc/arm-none-eabi/4.4.1/../../../../arm-none-eabi/lib/thumb2\libc.a(lib_a-makebuf.o)
 .debug_frame   0x000008f4       0x30 c:/microsemi/libero_v11.4/softconsole/sourcery-g++/bin/../lib/gcc/arm-none-eabi/4.4.1/../../../../arm-none-eabi/lib/thumb2\libc.a(lib_a-malloc.o)
 .debug_frame   0x00000924       0x3c c:/microsemi/libero_v11.4/softconsole/sourcery-g++/bin/../lib/gcc/arm-none-eabi/4.4.1/../../../../arm-none-eabi/lib/thumb2\libc.a(lib_a-mallocr.o)
 .debug_frame   0x00000960       0x28 c:/microsemi/libero_v11.4/softconsole/sourcery-g++/bin/../lib/gcc/arm-none-eabi/4.4.1/../../../../arm-none-eabi/lib/thumb2\libc.a(lib_a-memchr.o)
 .debug_frame   0x00000988       0x34 c:/microsemi/libero_v11.4/softconsole/sourcery-g++/bin/../lib/gcc/arm-none-eabi/4.4.1/../../../../arm-none-eabi/lib/thumb2\libc.a(lib_a-memcpy.o)
 .debug_frame   0x000009bc       0x2c c:/microsemi/libero_v11.4/softconsole/sourcery-g++/bin/../lib/gcc/arm-none-eabi/4.4.1/../../../../arm-none-eabi/lib/thumb2\libc.a(lib_a-memmove.o)
 .debug_frame   0x000009e8       0x28 c:/microsemi/libero_v11.4/softconsole/sourcery-g++/bin/../lib/gcc/arm-none-eabi/4.4.1/../../../../arm-none-eabi/lib/thumb2\libc.a(lib_a-memset.o)
 .debug_frame   0x00000a10       0x30 c:/microsemi/libero_v11.4/softconsole/sourcery-g++/bin/../lib/gcc/arm-none-eabi/4.4.1/../../../../arm-none-eabi/lib/thumb2\libc.a(lib_a-mlock.o)
 .debug_frame   0x00000a40      0x240 c:/microsemi/libero_v11.4/softconsole/sourcery-g++/bin/../lib/gcc/arm-none-eabi/4.4.1/../../../../arm-none-eabi/lib/thumb2\libc.a(lib_a-mprec.o)
 .debug_frame   0x00000c80       0x3c c:/microsemi/libero_v11.4/softconsole/sourcery-g++/bin/../lib/gcc/arm-none-eabi/4.4.1/../../../../arm-none-eabi/lib/thumb2\libc.a(lib_a-reallocr.o)
 .debug_frame   0x00000cbc       0x20 c:/microsemi/libero_v11.4/softconsole/sourcery-g++/bin/../lib/gcc/arm-none-eabi/4.4.1/../../../../arm-none-eabi/lib/thumb2\libc.a(lib_a-s_isinfd.o)
 .debug_frame   0x00000cdc       0x20 c:/microsemi/libero_v11.4/softconsole/sourcery-g++/bin/../lib/gcc/arm-none-eabi/4.4.1/../../../../arm-none-eabi/lib/thumb2\libc.a(lib_a-s_isnand.o)
 .debug_frame   0x00000cfc       0x2c c:/microsemi/libero_v11.4/softconsole/sourcery-g++/bin/../lib/gcc/arm-none-eabi/4.4.1/../../../../arm-none-eabi/lib/thumb2\libc.a(lib_a-sbrkr.o)
 .debug_frame   0x00000d28       0x70 c:/microsemi/libero_v11.4/softconsole/sourcery-g++/bin/../lib/gcc/arm-none-eabi/4.4.1/../../../../arm-none-eabi/lib/thumb2\libc.a(lib_a-stdio.o)
 .debug_frame   0x00000d98       0x30 c:/microsemi/libero_v11.4/softconsole/sourcery-g++/bin/../lib/gcc/arm-none-eabi/4.4.1/../../../../arm-none-eabi/lib/thumb2\libc.a(lib_a-strcmp.o)
 .debug_frame   0x00000dc8       0x2c c:/microsemi/libero_v11.4/softconsole/sourcery-g++/bin/../lib/gcc/arm-none-eabi/4.4.1/../../../../arm-none-eabi/lib/thumb2\libc.a(lib_a-callocr.o)
 .debug_frame   0x00000df4       0x2c c:/microsemi/libero_v11.4/softconsole/sourcery-g++/bin/../lib/gcc/arm-none-eabi/4.4.1/../../../../arm-none-eabi/lib/thumb2\libc.a(lib_a-closer.o)
 .debug_frame   0x00000e20       0x3c c:/microsemi/libero_v11.4/softconsole/sourcery-g++/bin/../lib/gcc/arm-none-eabi/4.4.1/../../../../arm-none-eabi/lib/thumb2\libc.a(lib_a-fclose.o)
 .debug_frame   0x00000e5c       0x2c c:/microsemi/libero_v11.4/softconsole/sourcery-g++/bin/../lib/gcc/arm-none-eabi/4.4.1/../../../../arm-none-eabi/lib/thumb2\libc.a(lib_a-fstatr.o)
 .debug_frame   0x00000e88       0x2c c:/microsemi/libero_v11.4/softconsole/sourcery-g++/bin/../lib/gcc/arm-none-eabi/4.4.1/../../../../arm-none-eabi/lib/thumb2\libc.a(lib_a-isattyr.o)
 .debug_frame   0x00000eb4       0x2c c:/microsemi/libero_v11.4/softconsole/sourcery-g++/bin/../lib/gcc/arm-none-eabi/4.4.1/../../../../arm-none-eabi/lib/thumb2\libc.a(lib_a-lseekr.o)
 .debug_frame   0x00000ee0       0x2c c:/microsemi/libero_v11.4/softconsole/sourcery-g++/bin/../lib/gcc/arm-none-eabi/4.4.1/../../../../arm-none-eabi/lib/thumb2\libc.a(lib_a-readr.o)
 .debug_frame   0x00000f0c       0x64 c:/microsemi/libero_v11.4/softconsole/sourcery-g++/bin/../lib/gcc/arm-none-eabi/4.4.1/../../../../arm-none-eabi/lib/thumb2\libc.a(lib_a-reent.o)
 .debug_frame   0x00000f70       0x20 c:/microsemi/libero_v11.4/softconsole/sourcery-g++/bin/../lib/gcc/arm-none-eabi/4.4.1/thumb2\libgcc.a(_udivsi3.o)
 .debug_frame   0x00000f90       0x50 c:/microsemi/libero_v11.4/softconsole/sourcery-g++/bin/../lib/gcc/arm-none-eabi/4.4.1/thumb2\libgcc.a(bpabi.o)
 .debug_frame   0x00000fe0       0x3c c:/microsemi/libero_v11.4/softconsole/sourcery-g++/bin/../lib/gcc/arm-none-eabi/4.4.1/thumb2\libgcc.a(_divdi3.o)
 .debug_frame   0x0000101c       0x3c c:/microsemi/libero_v11.4/softconsole/sourcery-g++/bin/../lib/gcc/arm-none-eabi/4.4.1/thumb2\libgcc.a(_udivdi3.o)

.debug_str      0x00000000     0x1852
 *(.debug_str)
 .debug_str     0x00000000      0xeec ./main.o
                                0xf7d (size before relaxing)
 .debug_str     0x00000eec      0x25b F:/N64/SoftConsole/N64_MSS_MSS_CM3_0/N64_MSS_MSS_CM3_0_hw_platform/Debug/CMSIS/startup_gcc/newlib_stubs.o
                               0x1089 (size before relaxing)
 .debug_str     0x00001147      0x614 F:\N64\SoftConsole\N64_MSS_MSS_CM3_0\N64_MSS_MSS_CM3_0_hw_platform\Debug\libN64_MSS_MSS_CM3_0_hw_platform.a(mss_uart.o)
                               0x149a (size before relaxing)
 .debug_str     0x0000175b       0xf7 F:\N64\SoftConsole\N64_MSS_MSS_CM3_0\N64_MSS_MSS_CM3_0_hw_platform\Debug\libN64_MSS_MSS_CM3_0_hw_platform.a(system_a2fxxxm3.o)
                                0x43d (size before relaxing)

.debug_loc      0x00000000      0xcf9
 *(.debug_loc)
 .debug_loc     0x00000000       0xa5 ./main.o
 .debug_loc     0x000000a5      0x30d F:/N64/SoftConsole/N64_MSS_MSS_CM3_0/N64_MSS_MSS_CM3_0_hw_platform/Debug/CMSIS/startup_gcc/newlib_stubs.o
 .debug_loc     0x000003b2      0x894 F:\N64\SoftConsole\N64_MSS_MSS_CM3_0\N64_MSS_MSS_CM3_0_hw_platform\Debug\libN64_MSS_MSS_CM3_0_hw_platform.a(mss_uart.o)
 .debug_loc     0x00000c46       0xb3 F:\N64\SoftConsole\N64_MSS_MSS_CM3_0\N64_MSS_MSS_CM3_0_hw_platform\Debug\libN64_MSS_MSS_CM3_0_hw_platform.a(system_a2fxxxm3.o)

.debug_macinfo  0x00000000    0x1eda5
 *(.debug_macinfo)
 .debug_macinfo
                0x00000000     0x95c6 ./main.o
 .debug_macinfo
                0x000095c6     0x9964 F:/N64/SoftConsole/N64_MSS_MSS_CM3_0/N64_MSS_MSS_CM3_0_hw_platform/Debug/CMSIS/startup_gcc/newlib_stubs.o
 .debug_macinfo
                0x00012f2a     0x63e3 F:\N64\SoftConsole\N64_MSS_MSS_CM3_0\N64_MSS_MSS_CM3_0_hw_platform\Debug\libN64_MSS_MSS_CM3_0_hw_platform.a(mss_uart.o)
 .debug_macinfo
                0x0001930d     0x5a98 F:\N64\SoftConsole\N64_MSS_MSS_CM3_0\N64_MSS_MSS_CM3_0_hw_platform\Debug\libN64_MSS_MSS_CM3_0_hw_platform.a(system_a2fxxxm3.o)

.debug_weaknames
 *(.debug_weaknames)

.debug_funcnames
 *(.debug_funcnames)

.debug_typenames
 *(.debug_typenames)

.debug_varnames
 *(.debug_varnames)

.note.gnu.arm.ident
 *(.note.gnu.arm.ident)

.ARM.attributes
                0x00000000       0x25
 *(.ARM.attributes)
 .ARM.attributes
                0x00000000       0x19 c:/microsemi/libero_v11.4/softconsole/sourcery-g++/bin/../lib/gcc/arm-none-eabi/4.4.1/thumb2/crti.o
 .ARM.attributes
                0x00000019       0x29 c:/microsemi/libero_v11.4/softconsole/sourcery-g++/bin/../lib/gcc/arm-none-eabi/4.4.1/thumb2/crtbegin.o
 .ARM.attributes
                0x00000042       0x31 ./main.o
 .ARM.attributes
                0x00000073       0x21 F:/N64/SoftConsole/N64_MSS_MSS_CM3_0/N64_MSS_MSS_CM3_0_hw_platform/Debug/CMSIS/startup_gcc/startup_a2fxxxm3.o
 .ARM.attributes
                0x00000094       0x31 F:/N64/SoftConsole/N64_MSS_MSS_CM3_0/N64_MSS_MSS_CM3_0_hw_platform/Debug/CMSIS/startup_gcc/newlib_stubs.o
 .ARM.attributes
                0x000000c5       0x31 F:\N64\SoftConsole\N64_MSS_MSS_CM3_0\N64_MSS_MSS_CM3_0_hw_platform\Debug\libN64_MSS_MSS_CM3_0_hw_platform.a(mss_uart.o)
 .ARM.attributes
                0x000000f6       0x31 F:\N64\SoftConsole\N64_MSS_MSS_CM3_0\N64_MSS_MSS_CM3_0_hw_platform\Debug\libN64_MSS_MSS_CM3_0_hw_platform.a(system_a2fxxxm3.o)
 .ARM.attributes
                0x00000127       0x1b c:/microsemi/libero_v11.4/softconsole/sourcery-g++/bin/../lib/gcc/arm-none-eabi/4.4.1/thumb2\libgcc.a(_arm_addsubdf3.o)
 .ARM.attributes
                0x00000142       0x1b c:/microsemi/libero_v11.4/softconsole/sourcery-g++/bin/../lib/gcc/arm-none-eabi/4.4.1/thumb2\libgcc.a(_arm_cmpdf2.o)
 .ARM.attributes
                0x0000015d       0x1b c:/microsemi/libero_v11.4/softconsole/sourcery-g++/bin/../lib/gcc/arm-none-eabi/4.4.1/thumb2\libgcc.a(_arm_addsubsf3.o)
 .ARM.attributes
                0x00000178       0x1b c:/microsemi/libero_v11.4/softconsole/sourcery-g++/bin/../lib/gcc/arm-none-eabi/4.4.1/thumb2\libgcc.a(_arm_muldivsf3.o)
 .ARM.attributes
                0x00000193       0x1b c:/microsemi/libero_v11.4/softconsole/sourcery-g++/bin/../lib/gcc/arm-none-eabi/4.4.1/thumb2\libgcc.a(_arm_cmpsf2.o)
 .ARM.attributes
                0x000001ae       0x1b c:/microsemi/libero_v11.4/softconsole/sourcery-g++/bin/../lib/gcc/arm-none-eabi/4.4.1/thumb2\libgcc.a(_arm_fixunssfsi.o)
 .ARM.attributes
                0x000001c9       0x29 c:/microsemi/libero_v11.4/softconsole/sourcery-g++/bin/../lib/gcc/arm-none-eabi/4.4.1/../../../../arm-none-eabi/lib/thumb2\libc.a(lib_a-errno.o)
 .ARM.attributes
                0x000001f2       0x29 c:/microsemi/libero_v11.4/softconsole/sourcery-g++/bin/../lib/gcc/arm-none-eabi/4.4.1/../../../../arm-none-eabi/lib/thumb2\libc.a(lib_a-impure.o)
 .ARM.attributes
                0x0000021b       0x29 c:/microsemi/libero_v11.4/softconsole/sourcery-g++/bin/../lib/gcc/arm-none-eabi/4.4.1/../../../../arm-none-eabi/lib/thumb2\libc.a(lib_a-init.o)
 .ARM.attributes
                0x00000244       0x29 c:/microsemi/libero_v11.4/softconsole/sourcery-g++/bin/../lib/gcc/arm-none-eabi/4.4.1/../../../../arm-none-eabi/lib/thumb2\libc.a(lib_a-printf.o)
 .ARM.attributes
                0x0000026d       0x29 c:/microsemi/libero_v11.4/softconsole/sourcery-g++/bin/../lib/gcc/arm-none-eabi/4.4.1/../../../../arm-none-eabi/lib/thumb2\libc.a(lib_a-puts.o)
 .ARM.attributes
                0x00000296       0x29 c:/microsemi/libero_v11.4/softconsole/sourcery-g++/bin/../lib/gcc/arm-none-eabi/4.4.1/../../../../arm-none-eabi/lib/thumb2\libc.a(lib_a-strlen.o)
 .ARM.attributes
                0x000002bf       0x29 c:/microsemi/libero_v11.4/softconsole/sourcery-g++/bin/../lib/gcc/arm-none-eabi/4.4.1/../../../../arm-none-eabi/lib/thumb2\libc.a(lib_a-vfprintf.o)
 .ARM.attributes
                0x000002e8       0x29 c:/microsemi/libero_v11.4/softconsole/sourcery-g++/bin/../lib/gcc/arm-none-eabi/4.4.1/../../../../arm-none-eabi/lib/thumb2\libc.a(lib_a-wsetup.o)
 .ARM.attributes
                0x00000311       0x29 c:/microsemi/libero_v11.4/softconsole/sourcery-g++/bin/../lib/gcc/arm-none-eabi/4.4.1/../../../../arm-none-eabi/lib/thumb2\libc.a(lib_a-dtoa.o)
 .ARM.attributes
                0x0000033a       0x29 c:/microsemi/libero_v11.4/softconsole/sourcery-g++/bin/../lib/gcc/arm-none-eabi/4.4.1/../../../../arm-none-eabi/lib/thumb2\libc.a(lib_a-fflush.o)
 .ARM.attributes
                0x00000363       0x29 c:/microsemi/libero_v11.4/softconsole/sourcery-g++/bin/../lib/gcc/arm-none-eabi/4.4.1/../../../../arm-none-eabi/lib/thumb2\libc.a(lib_a-findfp.o)
 .ARM.attributes
                0x0000038c       0x29 c:/microsemi/libero_v11.4/softconsole/sourcery-g++/bin/../lib/gcc/arm-none-eabi/4.4.1/../../../../arm-none-eabi/lib/thumb2\libc.a(lib_a-freer.o)
 .ARM.attributes
                0x000003b5       0x29 c:/microsemi/libero_v11.4/softconsole/sourcery-g++/bin/../lib/gcc/arm-none-eabi/4.4.1/../../../../arm-none-eabi/lib/thumb2\libc.a(lib_a-fvwrite.o)
 .ARM.attributes
                0x000003de       0x29 c:/microsemi/libero_v11.4/softconsole/sourcery-g++/bin/../lib/gcc/arm-none-eabi/4.4.1/../../../../arm-none-eabi/lib/thumb2\libc.a(lib_a-fwalk.o)
 .ARM.attributes
                0x00000407       0x29 c:/microsemi/libero_v11.4/softconsole/sourcery-g++/bin/../lib/gcc/arm-none-eabi/4.4.1/../../../../arm-none-eabi/lib/thumb2\libc.a(lib_a-locale.o)
 .ARM.attributes
                0x00000430       0x29 c:/microsemi/libero_v11.4/softconsole/sourcery-g++/bin/../lib/gcc/arm-none-eabi/4.4.1/../../../../arm-none-eabi/lib/thumb2\libc.a(lib_a-makebuf.o)
 .ARM.attributes
                0x00000459       0x29 c:/microsemi/libero_v11.4/softconsole/sourcery-g++/bin/../lib/gcc/arm-none-eabi/4.4.1/../../../../arm-none-eabi/lib/thumb2\libc.a(lib_a-malloc.o)
 .ARM.attributes
                0x00000482       0x29 c:/microsemi/libero_v11.4/softconsole/sourcery-g++/bin/../lib/gcc/arm-none-eabi/4.4.1/../../../../arm-none-eabi/lib/thumb2\libc.a(lib_a-mallocr.o)
 .ARM.attributes
                0x000004ab       0x29 c:/microsemi/libero_v11.4/softconsole/sourcery-g++/bin/../lib/gcc/arm-none-eabi/4.4.1/../../../../arm-none-eabi/lib/thumb2\libc.a(lib_a-memchr.o)
 .ARM.attributes
                0x000004d4       0x29 c:/microsemi/libero_v11.4/softconsole/sourcery-g++/bin/../lib/gcc/arm-none-eabi/4.4.1/../../../../arm-none-eabi/lib/thumb2\libc.a(lib_a-memcpy.o)
 .ARM.attributes
                0x000004fd       0x29 c:/microsemi/libero_v11.4/softconsole/sourcery-g++/bin/../lib/gcc/arm-none-eabi/4.4.1/../../../../arm-none-eabi/lib/thumb2\libc.a(lib_a-memmove.o)
 .ARM.attributes
                0x00000526       0x29 c:/microsemi/libero_v11.4/softconsole/sourcery-g++/bin/../lib/gcc/arm-none-eabi/4.4.1/../../../../arm-none-eabi/lib/thumb2\libc.a(lib_a-memset.o)
 .ARM.attributes
                0x0000054f       0x29 c:/microsemi/libero_v11.4/softconsole/sourcery-g++/bin/../lib/gcc/arm-none-eabi/4.4.1/../../../../arm-none-eabi/lib/thumb2\libc.a(lib_a-mlock.o)
 .ARM.attributes
                0x00000578       0x29 c:/microsemi/libero_v11.4/softconsole/sourcery-g++/bin/../lib/gcc/arm-none-eabi/4.4.1/../../../../arm-none-eabi/lib/thumb2\libc.a(lib_a-mprec.o)
 .ARM.attributes
                0x000005a1       0x29 c:/microsemi/libero_v11.4/softconsole/sourcery-g++/bin/../lib/gcc/arm-none-eabi/4.4.1/../../../../arm-none-eabi/lib/thumb2\libc.a(lib_a-reallocr.o)
 .ARM.attributes
                0x000005ca       0x29 c:/microsemi/libero_v11.4/softconsole/sourcery-g++/bin/../lib/gcc/arm-none-eabi/4.4.1/../../../../arm-none-eabi/lib/thumb2\libc.a(lib_a-s_isinfd.o)
 .ARM.attributes
                0x000005f3       0x29 c:/microsemi/libero_v11.4/softconsole/sourcery-g++/bin/../lib/gcc/arm-none-eabi/4.4.1/../../../../arm-none-eabi/lib/thumb2\libc.a(lib_a-s_isnand.o)
 .ARM.attributes
                0x0000061c       0x29 c:/microsemi/libero_v11.4/softconsole/sourcery-g++/bin/../lib/gcc/arm-none-eabi/4.4.1/../../../../arm-none-eabi/lib/thumb2\libc.a(lib_a-sbrkr.o)
 .ARM.attributes
                0x00000645       0x29 c:/microsemi/libero_v11.4/softconsole/sourcery-g++/bin/../lib/gcc/arm-none-eabi/4.4.1/../../../../arm-none-eabi/lib/thumb2\libc.a(lib_a-stdio.o)
 .ARM.attributes
                0x0000066e       0x29 c:/microsemi/libero_v11.4/softconsole/sourcery-g++/bin/../lib/gcc/arm-none-eabi/4.4.1/../../../../arm-none-eabi/lib/thumb2\libc.a(lib_a-strcmp.o)
 .ARM.attributes
                0x00000697       0x29 c:/microsemi/libero_v11.4/softconsole/sourcery-g++/bin/../lib/gcc/arm-none-eabi/4.4.1/../../../../arm-none-eabi/lib/thumb2\libc.a(lib_a-callocr.o)
 .ARM.attributes
                0x000006c0       0x29 c:/microsemi/libero_v11.4/softconsole/sourcery-g++/bin/../lib/gcc/arm-none-eabi/4.4.1/../../../../arm-none-eabi/lib/thumb2\libc.a(lib_a-closer.o)
 .ARM.attributes
                0x000006e9       0x29 c:/microsemi/libero_v11.4/softconsole/sourcery-g++/bin/../lib/gcc/arm-none-eabi/4.4.1/../../../../arm-none-eabi/lib/thumb2\libc.a(lib_a-fclose.o)
 .ARM.attributes
                0x00000712       0x29 c:/microsemi/libero_v11.4/softconsole/sourcery-g++/bin/../lib/gcc/arm-none-eabi/4.4.1/../../../../arm-none-eabi/lib/thumb2\libc.a(lib_a-fstatr.o)
 .ARM.attributes
                0x0000073b       0x29 c:/microsemi/libero_v11.4/softconsole/sourcery-g++/bin/../lib/gcc/arm-none-eabi/4.4.1/../../../../arm-none-eabi/lib/thumb2\libc.a(lib_a-isattyr.o)
 .ARM.attributes
                0x00000764       0x29 c:/microsemi/libero_v11.4/softconsole/sourcery-g++/bin/../lib/gcc/arm-none-eabi/4.4.1/../../../../arm-none-eabi/lib/thumb2\libc.a(lib_a-lseekr.o)
 .ARM.attributes
                0x0000078d       0x29 c:/microsemi/libero_v11.4/softconsole/sourcery-g++/bin/../lib/gcc/arm-none-eabi/4.4.1/../../../../arm-none-eabi/lib/thumb2\libc.a(lib_a-readr.o)
 .ARM.attributes
                0x000007b6       0x29 c:/microsemi/libero_v11.4/softconsole/sourcery-g++/bin/../lib/gcc/arm-none-eabi/4.4.1/../../../../arm-none-eabi/lib/thumb2\libc.a(lib_a-reent.o)
 .ARM.attributes
                0x000007df       0x1b c:/microsemi/libero_v11.4/softconsole/sourcery-g++/bin/../lib/gcc/arm-none-eabi/4.4.1/thumb2\libgcc.a(_udivsi3.o)
 .ARM.attributes
                0x000007fa       0x1b c:/microsemi/libero_v11.4/softconsole/sourcery-g++/bin/../lib/gcc/arm-none-eabi/4.4.1/thumb2\libgcc.a(_dvmd_tls.o)
 .ARM.attributes
                0x00000815       0x1b c:/microsemi/libero_v11.4/softconsole/sourcery-g++/bin/../lib/gcc/arm-none-eabi/4.4.1/thumb2\libgcc.a(_arm_muldivdf3.o)
 .ARM.attributes
                0x00000830       0x1b c:/microsemi/libero_v11.4/softconsole/sourcery-g++/bin/../lib/gcc/arm-none-eabi/4.4.1/thumb2\libgcc.a(_arm_fixdfsi.o)
 .ARM.attributes
                0x0000084b       0x1b c:/microsemi/libero_v11.4/softconsole/sourcery-g++/bin/../lib/gcc/arm-none-eabi/4.4.1/thumb2\libgcc.a(_aeabi_uldivmod.o)
 .ARM.attributes
                0x00000866       0x29 c:/microsemi/libero_v11.4/softconsole/sourcery-g++/bin/../lib/gcc/arm-none-eabi/4.4.1/thumb2\libgcc.a(bpabi.o)
 .ARM.attributes
                0x0000088f       0x29 c:/microsemi/libero_v11.4/softconsole/sourcery-g++/bin/../lib/gcc/arm-none-eabi/4.4.1/thumb2\libgcc.a(_divdi3.o)
 .ARM.attributes
                0x000008b8       0x29 c:/microsemi/libero_v11.4/softconsole/sourcery-g++/bin/../lib/gcc/arm-none-eabi/4.4.1/thumb2\libgcc.a(_udivdi3.o)
 .ARM.attributes
                0x000008e1       0x29 c:/microsemi/libero_v11.4/softconsole/sourcery-g++/bin/../lib/gcc/arm-none-eabi/4.4.1/thumb2/crtend.o
 .ARM.attributes
                0x0000090a       0x19 c:/microsemi/libero_v11.4/softconsole/sourcery-g++/bin/../lib/gcc/arm-none-eabi/4.4.1/thumb2/crtn.o

/DISCARD/
 *(.note.GNU-stack)
OUTPUT(N64_MSS_MSS_CM3_0_app elf32-littlearm)

.debug_ranges   0x00000000      0x1b8
 .debug_ranges  0x00000000       0x28 ./main.o
 .debug_ranges  0x00000028       0xa0 F:/N64/SoftConsole/N64_MSS_MSS_CM3_0/N64_MSS_MSS_CM3_0_hw_platform/Debug/CMSIS/startup_gcc/newlib_stubs.o
 .debug_ranges  0x000000c8       0xd0 F:\N64\SoftConsole\N64_MSS_MSS_CM3_0\N64_MSS_MSS_CM3_0_hw_platform\Debug\libN64_MSS_MSS_CM3_0_hw_platform.a(mss_uart.o)
 .debug_ranges  0x00000198       0x20 F:\N64\SoftConsole\N64_MSS_MSS_CM3_0\N64_MSS_MSS_CM3_0_hw_platform\Debug\libN64_MSS_MSS_CM3_0_hw_platform.a(system_a2fxxxm3.o)
